{
 "tool": "verify_album_open",
 "pre": "../../20260916-route/attempt-19/a4-precheck-window-cu.jpg",
 "post": "s1-window-cu.jpg",
 "expected": {
  "start": "2024/05/13",
  "end": "2024/05/17",
  "count": "57"
 },
 "params": {
  "delta": 12,
  "min_diff_fraction": 0.05
 },
 "pre_sha256": "b9be8bfc60678c648740d567ced176909ea242e5ea12202dd2c8606fc6659ff1",
 "post_sha256": "d7a6330320f5b0589e587e7ae3887fbf0541a9cc28e6326a9ea2b43b9d51a1dd",
 "pre_size": [
  327,
  643
 ],
 "post_size": [
  327,
  643
 ],
 "post_ocr_words_seen": [
  "2024/05/13~05/17",
  "57張照片",
  "2024.05.18",
  "1~"
 ],
 "target_title_in_post": {
  "texts": [
   "2024/05/13~05/17"
  ],
  "bbox": [
   15,
   83,
   203,
   111
  ]
 },
 "date_like_tokens_in_post": [
  "2024.05.18",
  "2024/05/13~05/17"
 ],
 "count_box": [
  7,
  113,
  175,
  143
 ],
 "count_digits_read": "57",
 "count_text": "MATCH",
 "diff": {
  "changed_pixels": 139873,
  "changed_fraction": 0.665235,
  "changed_bbox": [
   12,
   9,
   325,
   643
  ],
  "changed_grid_8x8": [
   [
    176,
    31,
    69,
    372,
    363,
    58,
    0,
    246
   ],
   [
    1143,
    1758,
    1493,
    1546,
    1573,
    1429,
    1362,
    1230
   ],
   [
    1967,
    3214,
    2841,
    3261,
    3279,
    2951,
    3289,
    2244
   ],
   [
    1893,
    3042,
    2976,
    2751,
    2427,
    2852,
    2927,
    2106
   ],
   [
    1857,
    2972,
    2876,
    2740,
    2235,
    2873,
    3033,
    2039
   ],
   [
    2058,
    3063,
    3133,
    3200,
    2695,
    3157,
    3001,
    2198
   ],
   [
    1728,
    3181,
    3037,
    2907,
    2513,
    2338,
    1888,
    1920
   ],
   [
    1978,
    3057,
    3040,
    2896,
    2878,
    3062,
    2036,
    1415
   ]
  ]
 },
 "rules": [
  "ALBUM_OPEN_VERIFIED = target title readable in post AND changed_fraction >= min_diff_fraction",
  "TARGET_MISMATCH = readable non-target date-like title OR readable plausible count != expected",
  "NO_EFFECT = changed_fraction < min_diff_fraction (checked before the title rule)",
  "INCONCLUSIVE = surface changed but no target title readable"
 ],
 "verdict": "ALBUM_OPEN_VERIFIED",
 "reader": {
  "helper": {
   "resolved_from": "build_path",
   "binary_path": "/var/folders/0r/r3qmjfbn0z57mtmdxmnp60c80000gn/T/vision_ocr_v4_build/vision_ocr",
   "binary_sha256": "1e71a4f9b5fcc0bbb4d601ee2e5280e0c8c71b4b13f597aef75c870161920611",
   "binary_bytes": 67200,
   "source_sha256": "4fc9fa2be748f0620344bdfd501f7ef2d3349f6f03fc29290dd91550f3523b32"
  },
  "calls": [
   {
    "scale": 3,
    "outcome": "ok",
    "exit_code": 0,
    "stderr_excerpt": "",
    "stdout_sha256": "b34f331f680769992450dc0743bc401858c337e078ea0f517a138aa0c368d280",
    "stdout_bytes": 160,
    "lines_parsed": 4
   },
   {
    "scale": 10,
    "outcome": "ok",
    "exit_code": 0,
    "stderr_excerpt": "",
    "stdout_sha256": "5dc8079e1f9b8a6081e5d47aa96b5e81554a69c8178daa527e8cb94515ac0d83",
    "stdout_bytes": 40,
    "lines_parsed": 1
   }
  ]
 }
}
