{
 "tool": "detect_menu_popup",
 "pre": "frame-s1.png",
 "post": "s11c-preclick-frame.png",
 "params": {
  "delta": 12,
  "min_w": 40,
  "min_h": 20,
  "min_pixels": 200,
  "min_strings": 2,
  "min_strlen": 2
 },
 "pre_sha256": "ca7e0fc9c640cfebb05b7d5dedf5318137d2db1b30090c5399b3d38d9717d4a6",
 "post_sha256": "99aa2e529ee60057ae120339401d6f2a710ce1853f3ac9d6e226fcb2d1179004",
 "pre_size": [
  2294,
  1490
 ],
 "post_size": [
  2294,
  1490
 ],
 "changed_pixels_total": 199910,
 "components": [
  {
   "bbox": [
    1008,
    182,
    1246,
    485
   ],
   "pixels": 59238,
   "w": 238,
   "h": 303
  },
  {
   "bbox": [
    158,
    880,
    264,
    986
   ],
   "pixels": 8413,
   "w": 106,
   "h": 106
  },
  {
   "bbox": [
    158,
    738,
    264,
    844
   ],
   "pixels": 8399,
   "w": 106,
   "h": 106
  },
  {
   "bbox": [
    158,
    1022,
    264,
    1128
   ],
   "pixels": 8303,
   "w": 106,
   "h": 106
  },
  {
   "bbox": [
    158,
    1164,
    264,
    1270
   ],
   "pixels": 7872,
   "w": 106,
   "h": 106
  },
  {
   "bbox": [
    158,
    596,
    264,
    702
   ],
   "pixels": 7714,
   "w": 106,
   "h": 106
  },
  {
   "bbox": [
    345,
    740,
    422,
    837
   ],
   "pixels": 2317,
   "w": 77,
   "h": 97
  },
  {
   "bbox": [
    317,
    598,
    363,
    695
   ],
   "pixels": 1336,
   "w": 46,
   "h": 97
  },
  {
   "bbox": [
    317,
    740,
    351,
    837
   ],
   "pixels": 1306,
   "w": 34,
   "h": 97
  },
  {
   "bbox": [
    318,
    938,
    414,
    961
   ],
   "pixels": 1223,
   "w": 96,
   "h": 23
  }
 ],
 "chosen_bbox": [
  1008,
  182,
  1246,
  485
 ],
 "ocr_status": "OK",
 "ocr_strings": [
  "選擇",
  "項目",
  "(ZOU",
  "SA",
  "儲存",
  "fi",
  "RASS",
  "Dh",
  "ez~~s~-y",
  "we"
 ],
 "verdict": "MENU_DETECTED",
 "reason": "new region plus transcribed menu strings"
}
