{"event":"ready","pid":51393,"startTimeUnix":1790307572.7355251}
{"active":true,"id":"c1","ok":true}
{"id":"c2","ok":true}
{"active":true,"albumTitle":"旻謙允禎成長日記","contentOriginLocalTopLeft":{"x":160,"y":27},"countText":"57張照片","hasShadow":true,"id":"c3","keyWindowIsMain":false,"mainFrameTopLeft":{"h":600,"w":800,"x":160,"y":140},"mainHits":0,"mainVisible":true,"mainWindowNumber":4803,"menuRowRectsLocalTopLeft":[{"h":40,"w":320,"x":40,"y":200},{"h":40,"w":320,"x":40,"y":240},{"h":40,"w":320,"x":40,"y":280},{"h":40,"w":320,"x":40,"y":320},{"h":40,"w":320,"x":40,"y":360}],"menuRows":["選擇項目","修改相簿名稱","儲存全部","刪除相簿","分享相簿"],"ok":true,"panelVisible":false,"pid":51393,"popupContentOriginLocalTopLeft":{"x":0,"y":0},"popupHits":0,"popupRowRectLocalTopLeft":{"h":44,"w":224,"x":8,"y":8},"popupVisible":false,"popupWindowNumber":4804,"screenHeight":745,"startTimeUnix":1790307572.7355251,"windows":[{"frameTopLeft":{"h":600,"w":800,"x":160,"y":140},"number":4803,"title":"rev28 harness main","visible":true},{"frameTopLeft":{"h":60,"w":240,"x":0,"y":685},"number":4804,"title":"","visible":false}]}
{"active":true,"albumTitle":"旻謙允禎成長日記","contentOriginLocalTopLeft":{"x":160,"y":27},"countText":"57張照片","hasShadow":true,"id":"c4","keyWindowIsMain":true,"mainFrameTopLeft":{"h":600,"w":800,"x":160,"y":140},"mainHits":0,"mainVisible":true,"mainWindowNumber":4803,"menuRowRectsLocalTopLeft":[{"h":40,"w":320,"x":40,"y":200},{"h":40,"w":320,"x":40,"y":240},{"h":40,"w":320,"x":40,"y":280},{"h":40,"w":320,"x":40,"y":320},{"h":40,"w":320,"x":40,"y":360}],"menuRows":["選擇項目","修改相簿名稱","儲存全部","刪除相簿","分享相簿"],"ok":true,"panelVisible":false,"pid":51393,"popupContentOriginLocalTopLeft":{"x":0,"y":0},"popupHits":0,"popupRowRectLocalTopLeft":{"h":44,"w":224,"x":8,"y":8},"popupVisible":false,"popupWindowNumber":4804,"screenHeight":745,"startTimeUnix":1790307572.7355251,"windows":[{"frameTopLeft":{"h":600,"w":800,"x":160,"y":140},"number":4803,"title":"rev28 harness main","visible":true},{"frameTopLeft":{"h":60,"w":240,"x":0,"y":685},"number":4804,"title":"","visible":false}]}
{"id":"c5","ok":true}
{"at":1790307574.156749,"event":"panelWillShow"}
{"appActive":true,"at":1790307574.17855,"event":"panelShown","keyWindow":true,"windowNumber":4805}
{"at":1790307574.1939991,"event":"panelClosed","response":0}
{"id":"c6","ok":true}
{"id":"c7","ok":true}
{"at":1790307574.5553169,"event":"panelWillShow"}
{"appActive":true,"at":1790307574.581075,"event":"panelShown","keyWindow":true,"windowNumber":4809}
{"at":1790307574.604537,"event":"panelClosed","response":0}
{"id":"c8","ok":true}
{"id":"c9","ok":true}
{"at":1790307574.899437,"event":"panelWillShow"}
{"appActive":true,"at":1790307574.9266171,"event":"panelShown","keyWindow":true,"windowNumber":4812}
{"at":1790307574.9483771,"event":"panelClosed","response":0}
{"id":"c10","ok":true}
{"id":"c11","ok":true}
{"at":1790307575.2435751,"event":"panelWillShow"}
{"appActive":true,"at":1790307575.264683,"event":"panelShown","keyWindow":true,"windowNumber":4814}
{"at":1790307575.270159,"event":"panelClosed","response":0}
{"id":"c12","ok":true}
{"id":"c13","ok":true}
{"at":1790307575.5777979,"event":"panelWillShow"}
{"appActive":true,"at":1790307575.602983,"event":"panelShown","keyWindow":true,"windowNumber":4816}
{"at":1790307575.611177,"event":"panelClosed","response":0}
{"id":"c14","ok":true}
{"id":"c15","ok":true}
{"at":1790307575.9070711,"event":"panelWillShow"}
{"appActive":true,"at":1790307575.9449611,"event":"panelShown","keyWindow":true,"windowNumber":4818}
{"at":1790307575.9487829,"event":"panelClosed","response":0}
{"id":"c16","ok":true}
{"id":"c17","ok":true}
{"at":1790307576.251977,"event":"panelWillShow"}
{"appActive":true,"at":1790307576.2731009,"event":"panelShown","keyWindow":true,"windowNumber":4820}
{"at":1790307576.2867599,"event":"panelClosed","response":0}
{"id":"c18","ok":true}
{"id":"c19","ok":true}
{"at":1790307576.5855961,"event":"panelWillShow"}
{"appActive":true,"at":1790307576.6069732,"event":"panelShown","keyWindow":true,"windowNumber":4822}
{"at":1790307576.618758,"event":"panelClosed","response":0}
{"id":"c20","ok":true}
{"id":"c21","ok":true}
{"at":1790307576.8989301,"event":"panelWillShow"}
{"appActive":true,"at":1790307576.930809,"event":"panelShown","keyWindow":true,"windowNumber":4824}
{"at":1790307576.9504519,"event":"panelClosed","response":0}
{"id":"c22","ok":true}
{"id":"c23","ok":true}
{"at":1790307577.2311749,"event":"panelWillShow"}
{"appActive":true,"at":1790307577.269758,"event":"panelShown","keyWindow":true,"windowNumber":4826}
{"at":1790307577.2724051,"event":"panelClosed","response":0}
{"id":"c24","ok":true}
{"id":"c25","ok":true}
{"at":1790307577.5822239,"event":"panelWillShow"}
{"appActive":true,"at":1790307577.6046901,"event":"panelShown","keyWindow":true,"windowNumber":4828}
{"at":1790307577.6078801,"event":"panelClosed","response":0}
{"id":"c26","ok":true}
{"id":"c27","ok":true}
{"at":1790307577.927691,"event":"panelWillShow"}
{"appActive":true,"at":1790307577.9541202,"event":"panelShown","keyWindow":true,"windowNumber":4830}
{"at":1790307577.9627991,"event":"panelClosed","response":0}
{"id":"c28","ok":true}
{"id":"c29","ok":true}
{"at":1790307578.2619591,"event":"panelWillShow"}
{"appActive":true,"at":1790307578.2851191,"event":"panelShown","keyWindow":true,"windowNumber":4832}
{"at":1790307578.286675,"event":"panelClosed","response":0}
{"id":"c30","ok":true}
{"id":"c31","ok":true}
{"at":1790307578.6037869,"event":"panelWillShow"}
{"appActive":true,"at":1790307578.6312051,"event":"panelShown","keyWindow":true,"windowNumber":4834}
{"at":1790307578.6503,"event":"panelClosed","response":0}
{"id":"c32","ok":true}
{"id":"c33","ok":true}
{"at":1790307578.931277,"event":"panelWillShow"}
{"appActive":true,"at":1790307578.9741979,"event":"panelShown","keyWindow":true,"windowNumber":4836}
{"at":1790307578.979358,"event":"panelClosed","response":0}
{"id":"c34","ok":true}
{"id":"c35","ok":true}
{"at":1790307579.278846,"event":"panelWillShow"}
{"appActive":true,"at":1790307579.3040829,"event":"panelShown","keyWindow":true,"windowNumber":4838}
{"at":1790307579.3257341,"event":"panelClosed","response":0}
{"id":"c36","ok":true}
{"id":"c37","ok":true}
{"at":1790307579.598263,"event":"panelWillShow"}
{"appActive":true,"at":1790307579.6402721,"event":"panelShown","keyWindow":true,"windowNumber":4840}
{"at":1790307579.6622539,"event":"panelClosed","response":0}
{"id":"c38","ok":true}
{"id":"c39","ok":true}
{"at":1790307579.9556589,"event":"panelWillShow"}
{"appActive":true,"at":1790307579.9779029,"event":"panelShown","keyWindow":true,"windowNumber":4842}
{"at":1790307579.9843359,"event":"panelClosed","response":0}
{"id":"c40","ok":true}
{"id":"c41","ok":true}
{"at":1790307580.2725239,"event":"panelWillShow"}
{"appActive":true,"at":1790307580.312392,"event":"panelShown","keyWindow":true,"windowNumber":4844}
{"at":1790307580.3298512,"event":"panelClosed","response":0}
{"id":"c42","ok":true}
{"id":"c43","ok":true}
{"at":1790307580.6276431,"event":"panelWillShow"}
{"appActive":true,"at":1790307580.654314,"event":"panelShown","keyWindow":true,"windowNumber":4846}
{"at":1790307580.657872,"event":"panelClosed","response":0}
{"id":"c44","ok":true}
{"id":"c45","ok":true}
{"at":1790307581.8745999,"event":"panelWillShow"}
{"appActive":true,"at":1790307581.8858581,"event":"panelShown","keyWindow":true,"windowNumber":4848}
{"at":1790307581.9077549,"event":"panelClosed","response":0}
{"id":"c46","ok":true}
{"id":"c47","ok":true}
{"at":1790307582.5550981,"event":"panelWillShow"}
{"appActive":true,"at":1790307582.577311,"event":"panelShown","keyWindow":true,"windowNumber":4851}
{"at":1790307583.353096,"event":"panelClosed","response":0}
{"id":"c48","ok":true}
{"id":"c49","ok":true}
{"at":1790307587.025146,"event":"panelWillShow"}
{"appActive":true,"at":1790307587.0384059,"event":"panelShown","keyWindow":true,"windowNumber":4854}
{"at":1790307587.0819759,"event":"panelClosed","response":0}
{"id":"c50","ok":true}
