LINE_ALBUM_BACKUP_RESULT
Mode: verify_only
Project root: /private/tmp/line-backup-legacy-false-positive/58
Config: /private/tmp/line-backup-legacy-false-positive/58/config/line_backup_config.json
State: /private/tmp/line-backup-legacy-false-positive/58/state/backup_state.json
Destination: /private/tmp/line-backup-legacy-false-positive/58/destination
Expected images: 57
Configured group: fixture
Configured group key: line:jp.naver.line.mac:旻謙允楨成長日記
State revision: 1
Current run: null
Active writer: null
LOAD_STATE=PASS_READ_ONLY
SAMPLE=1
REGULAR_FILES=58
ACTUAL_IMAGES=58
SUBDIRECTORIES=0
SYMLINKS=0
OTHER_ENTRIES=0
TOTAL_BYTES=3944
METADATA_FILES=0
ZERO_BYTE_FILES=0
PARTIAL_TEMP_FILES=0
UNRECOGNIZED_REGULAR_FILES=0
INVENTORY_SHA256=aa041c84b9c00b856b5a24179a00816e379f8697d0788f4afe3571701df83a11
---PER_FILE_SHA256_BYTE_LENGTH---
FILE|image-000.jpg|68|1789547512|image/png|431ced6916a2a21a156e38701afe55bbd7f88969fbbfc56d7fe099d47f265460
FILE|image-001.jpg|68|1789547512|image/png|431ced6916a2a21a156e38701afe55bbd7f88969fbbfc56d7fe099d47f265460
FILE|image-002.jpg|68|1789547512|image/png|431ced6916a2a21a156e38701afe55bbd7f88969fbbfc56d7fe099d47f265460
FILE|image-003.jpg|68|1789547512|image/png|431ced6916a2a21a156e38701afe55bbd7f88969fbbfc56d7fe099d47f265460
FILE|image-004.jpg|68|1789547512|image/png|431ced6916a2a21a156e38701afe55bbd7f88969fbbfc56d7fe099d47f265460
FILE|image-005.jpg|68|1789547512|image/png|431ced6916a2a21a156e38701afe55bbd7f88969fbbfc56d7fe099d47f265460
FILE|image-006.jpg|68|1789547512|image/png|431ced6916a2a21a156e38701afe55bbd7f88969fbbfc56d7fe099d47f265460
FILE|image-007.jpg|68|1789547512|image/png|431ced6916a2a21a156e38701afe55bbd7f88969fbbfc56d7fe099d47f265460
FILE|image-008.jpg|68|1789547512|image/png|431ced6916a2a21a156e38701afe55bbd7f88969fbbfc56d7fe099d47f265460
FILE|image-009.jpg|68|1789547512|image/png|431ced6916a2a21a156e38701afe55bbd7f88969fbbfc56d7fe099d47f265460
FILE|image-010.jpg|68|1789547512|image/png|431ced6916a2a21a156e38701afe55bbd7f88969fbbfc56d7fe099d47f265460
FILE|image-011.jpg|68|1789547512|image/png|431ced6916a2a21a156e38701afe55bbd7f88969fbbfc56d7fe099d47f265460
FILE|image-012.jpg|68|1789547512|image/png|431ced6916a2a21a156e38701afe55bbd7f88969fbbfc56d7fe099d47f265460
FILE|image-013.jpg|68|1789547512|image/png|431ced6916a2a21a156e38701afe55bbd7f88969fbbfc56d7fe099d47f265460
FILE|image-014.jpg|68|1789547512|image/png|431ced6916a2a21a156e38701afe55bbd7f88969fbbfc56d7fe099d47f265460
FILE|image-015.jpg|68|1789547512|image/png|431ced6916a2a21a156e38701afe55bbd7f88969fbbfc56d7fe099d47f265460
FILE|image-016.jpg|68|1789547512|image/png|431ced6916a2a21a156e38701afe55bbd7f88969fbbfc56d7fe099d47f265460
FILE|image-017.jpg|68|1789547512|image/png|431ced6916a2a21a156e38701afe55bbd7f88969fbbfc56d7fe099d47f265460
FILE|image-018.jpg|68|1789547512|image/png|431ced6916a2a21a156e38701afe55bbd7f88969fbbfc56d7fe099d47f265460
FILE|image-019.jpg|68|1789547512|image/png|431ced6916a2a21a156e38701afe55bbd7f88969fbbfc56d7fe099d47f265460
FILE|image-020.jpg|68|1789547512|image/png|431ced6916a2a21a156e38701afe55bbd7f88969fbbfc56d7fe099d47f265460
FILE|image-021.jpg|68|1789547512|image/png|431ced6916a2a21a156e38701afe55bbd7f88969fbbfc56d7fe099d47f265460
FILE|image-022.jpg|68|1789547512|image/png|431ced6916a2a21a156e38701afe55bbd7f88969fbbfc56d7fe099d47f265460
FILE|image-023.jpg|68|1789547512|image/png|431ced6916a2a21a156e38701afe55bbd7f88969fbbfc56d7fe099d47f265460
FILE|image-024.jpg|68|1789547512|image/png|431ced6916a2a21a156e38701afe55bbd7f88969fbbfc56d7fe099d47f265460
FILE|image-025.jpg|68|1789547512|image/png|431ced6916a2a21a156e38701afe55bbd7f88969fbbfc56d7fe099d47f265460
FILE|image-026.jpg|68|1789547512|image/png|431ced6916a2a21a156e38701afe55bbd7f88969fbbfc56d7fe099d47f265460
FILE|image-027.jpg|68|1789547512|image/png|431ced6916a2a21a156e38701afe55bbd7f88969fbbfc56d7fe099d47f265460
FILE|image-028.jpg|68|1789547512|image/png|431ced6916a2a21a156e38701afe55bbd7f88969fbbfc56d7fe099d47f265460
FILE|image-029.jpg|68|1789547512|image/png|431ced6916a2a21a156e38701afe55bbd7f88969fbbfc56d7fe099d47f265460
FILE|image-030.jpg|68|1789547512|image/png|431ced6916a2a21a156e38701afe55bbd7f88969fbbfc56d7fe099d47f265460
FILE|image-031.jpg|68|1789547512|image/png|431ced6916a2a21a156e38701afe55bbd7f88969fbbfc56d7fe099d47f265460
FILE|image-032.jpg|68|1789547512|image/png|431ced6916a2a21a156e38701afe55bbd7f88969fbbfc56d7fe099d47f265460
FILE|image-033.jpg|68|1789547512|image/png|431ced6916a2a21a156e38701afe55bbd7f88969fbbfc56d7fe099d47f265460
FILE|image-034.jpg|68|1789547512|image/png|431ced6916a2a21a156e38701afe55bbd7f88969fbbfc56d7fe099d47f265460
FILE|image-035.jpg|68|1789547512|image/png|431ced6916a2a21a156e38701afe55bbd7f88969fbbfc56d7fe099d47f265460
FILE|image-036.jpg|68|1789547512|image/png|431ced6916a2a21a156e38701afe55bbd7f88969fbbfc56d7fe099d47f265460
FILE|image-037.jpg|68|1789547512|image/png|431ced6916a2a21a156e38701afe55bbd7f88969fbbfc56d7fe099d47f265460
FILE|image-038.jpg|68|1789547512|image/png|431ced6916a2a21a156e38701afe55bbd7f88969fbbfc56d7fe099d47f265460
FILE|image-039.jpg|68|1789547512|image/png|431ced6916a2a21a156e38701afe55bbd7f88969fbbfc56d7fe099d47f265460
FILE|image-040.jpg|68|1789547512|image/png|431ced6916a2a21a156e38701afe55bbd7f88969fbbfc56d7fe099d47f265460
FILE|image-041.jpg|68|1789547512|image/png|431ced6916a2a21a156e38701afe55bbd7f88969fbbfc56d7fe099d47f265460
FILE|image-042.jpg|68|1789547512|image/png|431ced6916a2a21a156e38701afe55bbd7f88969fbbfc56d7fe099d47f265460
FILE|image-043.jpg|68|1789547512|image/png|431ced6916a2a21a156e38701afe55bbd7f88969fbbfc56d7fe099d47f265460
FILE|image-044.jpg|68|1789547512|image/png|431ced6916a2a21a156e38701afe55bbd7f88969fbbfc56d7fe099d47f265460
FILE|image-045.jpg|68|1789547512|image/png|431ced6916a2a21a156e38701afe55bbd7f88969fbbfc56d7fe099d47f265460
FILE|image-046.jpg|68|1789547512|image/png|431ced6916a2a21a156e38701afe55bbd7f88969fbbfc56d7fe099d47f265460
FILE|image-047.jpg|68|1789547512|image/png|431ced6916a2a21a156e38701afe55bbd7f88969fbbfc56d7fe099d47f265460
FILE|image-048.jpg|68|1789547512|image/png|431ced6916a2a21a156e38701afe55bbd7f88969fbbfc56d7fe099d47f265460
FILE|image-049.jpg|68|1789547512|image/png|431ced6916a2a21a156e38701afe55bbd7f88969fbbfc56d7fe099d47f265460
FILE|image-050.jpg|68|1789547512|image/png|431ced6916a2a21a156e38701afe55bbd7f88969fbbfc56d7fe099d47f265460
FILE|image-051.jpg|68|1789547512|image/png|431ced6916a2a21a156e38701afe55bbd7f88969fbbfc56d7fe099d47f265460
FILE|image-052.jpg|68|1789547512|image/png|431ced6916a2a21a156e38701afe55bbd7f88969fbbfc56d7fe099d47f265460
FILE|image-053.jpg|68|1789547512|image/png|431ced6916a2a21a156e38701afe55bbd7f88969fbbfc56d7fe099d47f265460
FILE|image-054.jpg|68|1789547512|image/png|431ced6916a2a21a156e38701afe55bbd7f88969fbbfc56d7fe099d47f265460
FILE|image-055.jpg|68|1789547512|image/png|431ced6916a2a21a156e38701afe55bbd7f88969fbbfc56d7fe099d47f265460
FILE|image-056.jpg|68|1789547512|image/png|431ced6916a2a21a156e38701afe55bbd7f88969fbbfc56d7fe099d47f265460
FILE|image-057.jpg|68|1789547512|image/png|431ced6916a2a21a156e38701afe55bbd7f88969fbbfc56d7fe099d47f265460
---END_SAMPLE=1---
SAMPLE=2
REGULAR_FILES=58
ACTUAL_IMAGES=58
SUBDIRECTORIES=0
SYMLINKS=0
OTHER_ENTRIES=0
TOTAL_BYTES=3944
METADATA_FILES=0
ZERO_BYTE_FILES=0
PARTIAL_TEMP_FILES=0
UNRECOGNIZED_REGULAR_FILES=0
INVENTORY_SHA256=aa041c84b9c00b856b5a24179a00816e379f8697d0788f4afe3571701df83a11
---PER_FILE_SHA256_BYTE_LENGTH---
FILE|image-000.jpg|68|1789547512|image/png|431ced6916a2a21a156e38701afe55bbd7f88969fbbfc56d7fe099d47f265460
FILE|image-001.jpg|68|1789547512|image/png|431ced6916a2a21a156e38701afe55bbd7f88969fbbfc56d7fe099d47f265460
FILE|image-002.jpg|68|1789547512|image/png|431ced6916a2a21a156e38701afe55bbd7f88969fbbfc56d7fe099d47f265460
FILE|image-003.jpg|68|1789547512|image/png|431ced6916a2a21a156e38701afe55bbd7f88969fbbfc56d7fe099d47f265460
FILE|image-004.jpg|68|1789547512|image/png|431ced6916a2a21a156e38701afe55bbd7f88969fbbfc56d7fe099d47f265460
FILE|image-005.jpg|68|1789547512|image/png|431ced6916a2a21a156e38701afe55bbd7f88969fbbfc56d7fe099d47f265460
FILE|image-006.jpg|68|1789547512|image/png|431ced6916a2a21a156e38701afe55bbd7f88969fbbfc56d7fe099d47f265460
FILE|image-007.jpg|68|1789547512|image/png|431ced6916a2a21a156e38701afe55bbd7f88969fbbfc56d7fe099d47f265460
FILE|image-008.jpg|68|1789547512|image/png|431ced6916a2a21a156e38701afe55bbd7f88969fbbfc56d7fe099d47f265460
FILE|image-009.jpg|68|1789547512|image/png|431ced6916a2a21a156e38701afe55bbd7f88969fbbfc56d7fe099d47f265460
FILE|image-010.jpg|68|1789547512|image/png|431ced6916a2a21a156e38701afe55bbd7f88969fbbfc56d7fe099d47f265460
FILE|image-011.jpg|68|1789547512|image/png|431ced6916a2a21a156e38701afe55bbd7f88969fbbfc56d7fe099d47f265460
FILE|image-012.jpg|68|1789547512|image/png|431ced6916a2a21a156e38701afe55bbd7f88969fbbfc56d7fe099d47f265460
FILE|image-013.jpg|68|1789547512|image/png|431ced6916a2a21a156e38701afe55bbd7f88969fbbfc56d7fe099d47f265460
FILE|image-014.jpg|68|1789547512|image/png|431ced6916a2a21a156e38701afe55bbd7f88969fbbfc56d7fe099d47f265460
FILE|image-015.jpg|68|1789547512|image/png|431ced6916a2a21a156e38701afe55bbd7f88969fbbfc56d7fe099d47f265460
FILE|image-016.jpg|68|1789547512|image/png|431ced6916a2a21a156e38701afe55bbd7f88969fbbfc56d7fe099d47f265460
FILE|image-017.jpg|68|1789547512|image/png|431ced6916a2a21a156e38701afe55bbd7f88969fbbfc56d7fe099d47f265460
FILE|image-018.jpg|68|1789547512|image/png|431ced6916a2a21a156e38701afe55bbd7f88969fbbfc56d7fe099d47f265460
FILE|image-019.jpg|68|1789547512|image/png|431ced6916a2a21a156e38701afe55bbd7f88969fbbfc56d7fe099d47f265460
FILE|image-020.jpg|68|1789547512|image/png|431ced6916a2a21a156e38701afe55bbd7f88969fbbfc56d7fe099d47f265460
FILE|image-021.jpg|68|1789547512|image/png|431ced6916a2a21a156e38701afe55bbd7f88969fbbfc56d7fe099d47f265460
FILE|image-022.jpg|68|1789547512|image/png|431ced6916a2a21a156e38701afe55bbd7f88969fbbfc56d7fe099d47f265460
FILE|image-023.jpg|68|1789547512|image/png|431ced6916a2a21a156e38701afe55bbd7f88969fbbfc56d7fe099d47f265460
FILE|image-024.jpg|68|1789547512|image/png|431ced6916a2a21a156e38701afe55bbd7f88969fbbfc56d7fe099d47f265460
FILE|image-025.jpg|68|1789547512|image/png|431ced6916a2a21a156e38701afe55bbd7f88969fbbfc56d7fe099d47f265460
FILE|image-026.jpg|68|1789547512|image/png|431ced6916a2a21a156e38701afe55bbd7f88969fbbfc56d7fe099d47f265460
FILE|image-027.jpg|68|1789547512|image/png|431ced6916a2a21a156e38701afe55bbd7f88969fbbfc56d7fe099d47f265460
FILE|image-028.jpg|68|1789547512|image/png|431ced6916a2a21a156e38701afe55bbd7f88969fbbfc56d7fe099d47f265460
FILE|image-029.jpg|68|1789547512|image/png|431ced6916a2a21a156e38701afe55bbd7f88969fbbfc56d7fe099d47f265460
FILE|image-030.jpg|68|1789547512|image/png|431ced6916a2a21a156e38701afe55bbd7f88969fbbfc56d7fe099d47f265460
FILE|image-031.jpg|68|1789547512|image/png|431ced6916a2a21a156e38701afe55bbd7f88969fbbfc56d7fe099d47f265460
FILE|image-032.jpg|68|1789547512|image/png|431ced6916a2a21a156e38701afe55bbd7f88969fbbfc56d7fe099d47f265460
FILE|image-033.jpg|68|1789547512|image/png|431ced6916a2a21a156e38701afe55bbd7f88969fbbfc56d7fe099d47f265460
FILE|image-034.jpg|68|1789547512|image/png|431ced6916a2a21a156e38701afe55bbd7f88969fbbfc56d7fe099d47f265460
FILE|image-035.jpg|68|1789547512|image/png|431ced6916a2a21a156e38701afe55bbd7f88969fbbfc56d7fe099d47f265460
FILE|image-036.jpg|68|1789547512|image/png|431ced6916a2a21a156e38701afe55bbd7f88969fbbfc56d7fe099d47f265460
FILE|image-037.jpg|68|1789547512|image/png|431ced6916a2a21a156e38701afe55bbd7f88969fbbfc56d7fe099d47f265460
FILE|image-038.jpg|68|1789547512|image/png|431ced6916a2a21a156e38701afe55bbd7f88969fbbfc56d7fe099d47f265460
FILE|image-039.jpg|68|1789547512|image/png|431ced6916a2a21a156e38701afe55bbd7f88969fbbfc56d7fe099d47f265460
FILE|image-040.jpg|68|1789547512|image/png|431ced6916a2a21a156e38701afe55bbd7f88969fbbfc56d7fe099d47f265460
FILE|image-041.jpg|68|1789547512|image/png|431ced6916a2a21a156e38701afe55bbd7f88969fbbfc56d7fe099d47f265460
FILE|image-042.jpg|68|1789547512|image/png|431ced6916a2a21a156e38701afe55bbd7f88969fbbfc56d7fe099d47f265460
FILE|image-043.jpg|68|1789547512|image/png|431ced6916a2a21a156e38701afe55bbd7f88969fbbfc56d7fe099d47f265460
FILE|image-044.jpg|68|1789547512|image/png|431ced6916a2a21a156e38701afe55bbd7f88969fbbfc56d7fe099d47f265460
FILE|image-045.jpg|68|1789547512|image/png|431ced6916a2a21a156e38701afe55bbd7f88969fbbfc56d7fe099d47f265460
FILE|image-046.jpg|68|1789547512|image/png|431ced6916a2a21a156e38701afe55bbd7f88969fbbfc56d7fe099d47f265460
FILE|image-047.jpg|68|1789547512|image/png|431ced6916a2a21a156e38701afe55bbd7f88969fbbfc56d7fe099d47f265460
FILE|image-048.jpg|68|1789547512|image/png|431ced6916a2a21a156e38701afe55bbd7f88969fbbfc56d7fe099d47f265460
FILE|image-049.jpg|68|1789547512|image/png|431ced6916a2a21a156e38701afe55bbd7f88969fbbfc56d7fe099d47f265460
FILE|image-050.jpg|68|1789547512|image/png|431ced6916a2a21a156e38701afe55bbd7f88969fbbfc56d7fe099d47f265460
FILE|image-051.jpg|68|1789547512|image/png|431ced6916a2a21a156e38701afe55bbd7f88969fbbfc56d7fe099d47f265460
FILE|image-052.jpg|68|1789547512|image/png|431ced6916a2a21a156e38701afe55bbd7f88969fbbfc56d7fe099d47f265460
FILE|image-053.jpg|68|1789547512|image/png|431ced6916a2a21a156e38701afe55bbd7f88969fbbfc56d7fe099d47f265460
FILE|image-054.jpg|68|1789547512|image/png|431ced6916a2a21a156e38701afe55bbd7f88969fbbfc56d7fe099d47f265460
FILE|image-055.jpg|68|1789547512|image/png|431ced6916a2a21a156e38701afe55bbd7f88969fbbfc56d7fe099d47f265460
FILE|image-056.jpg|68|1789547512|image/png|431ced6916a2a21a156e38701afe55bbd7f88969fbbfc56d7fe099d47f265460
FILE|image-057.jpg|68|1789547512|image/png|431ced6916a2a21a156e38701afe55bbd7f88969fbbfc56d7fe099d47f265460
---END_SAMPLE=2---
SAMPLE=3
REGULAR_FILES=58
ACTUAL_IMAGES=58
SUBDIRECTORIES=0
SYMLINKS=0
OTHER_ENTRIES=0
TOTAL_BYTES=3944
METADATA_FILES=0
ZERO_BYTE_FILES=0
PARTIAL_TEMP_FILES=0
UNRECOGNIZED_REGULAR_FILES=0
INVENTORY_SHA256=aa041c84b9c00b856b5a24179a00816e379f8697d0788f4afe3571701df83a11
---PER_FILE_SHA256_BYTE_LENGTH---
FILE|image-000.jpg|68|1789547512|image/png|431ced6916a2a21a156e38701afe55bbd7f88969fbbfc56d7fe099d47f265460
FILE|image-001.jpg|68|1789547512|image/png|431ced6916a2a21a156e38701afe55bbd7f88969fbbfc56d7fe099d47f265460
FILE|image-002.jpg|68|1789547512|image/png|431ced6916a2a21a156e38701afe55bbd7f88969fbbfc56d7fe099d47f265460
FILE|image-003.jpg|68|1789547512|image/png|431ced6916a2a21a156e38701afe55bbd7f88969fbbfc56d7fe099d47f265460
FILE|image-004.jpg|68|1789547512|image/png|431ced6916a2a21a156e38701afe55bbd7f88969fbbfc56d7fe099d47f265460
FILE|image-005.jpg|68|1789547512|image/png|431ced6916a2a21a156e38701afe55bbd7f88969fbbfc56d7fe099d47f265460
FILE|image-006.jpg|68|1789547512|image/png|431ced6916a2a21a156e38701afe55bbd7f88969fbbfc56d7fe099d47f265460
FILE|image-007.jpg|68|1789547512|image/png|431ced6916a2a21a156e38701afe55bbd7f88969fbbfc56d7fe099d47f265460
FILE|image-008.jpg|68|1789547512|image/png|431ced6916a2a21a156e38701afe55bbd7f88969fbbfc56d7fe099d47f265460
FILE|image-009.jpg|68|1789547512|image/png|431ced6916a2a21a156e38701afe55bbd7f88969fbbfc56d7fe099d47f265460
FILE|image-010.jpg|68|1789547512|image/png|431ced6916a2a21a156e38701afe55bbd7f88969fbbfc56d7fe099d47f265460
FILE|image-011.jpg|68|1789547512|image/png|431ced6916a2a21a156e38701afe55bbd7f88969fbbfc56d7fe099d47f265460
FILE|image-012.jpg|68|1789547512|image/png|431ced6916a2a21a156e38701afe55bbd7f88969fbbfc56d7fe099d47f265460
FILE|image-013.jpg|68|1789547512|image/png|431ced6916a2a21a156e38701afe55bbd7f88969fbbfc56d7fe099d47f265460
FILE|image-014.jpg|68|1789547512|image/png|431ced6916a2a21a156e38701afe55bbd7f88969fbbfc56d7fe099d47f265460
FILE|image-015.jpg|68|1789547512|image/png|431ced6916a2a21a156e38701afe55bbd7f88969fbbfc56d7fe099d47f265460
FILE|image-016.jpg|68|1789547512|image/png|431ced6916a2a21a156e38701afe55bbd7f88969fbbfc56d7fe099d47f265460
FILE|image-017.jpg|68|1789547512|image/png|431ced6916a2a21a156e38701afe55bbd7f88969fbbfc56d7fe099d47f265460
FILE|image-018.jpg|68|1789547512|image/png|431ced6916a2a21a156e38701afe55bbd7f88969fbbfc56d7fe099d47f265460
FILE|image-019.jpg|68|1789547512|image/png|431ced6916a2a21a156e38701afe55bbd7f88969fbbfc56d7fe099d47f265460
FILE|image-020.jpg|68|1789547512|image/png|431ced6916a2a21a156e38701afe55bbd7f88969fbbfc56d7fe099d47f265460
FILE|image-021.jpg|68|1789547512|image/png|431ced6916a2a21a156e38701afe55bbd7f88969fbbfc56d7fe099d47f265460
FILE|image-022.jpg|68|1789547512|image/png|431ced6916a2a21a156e38701afe55bbd7f88969fbbfc56d7fe099d47f265460
FILE|image-023.jpg|68|1789547512|image/png|431ced6916a2a21a156e38701afe55bbd7f88969fbbfc56d7fe099d47f265460
FILE|image-024.jpg|68|1789547512|image/png|431ced6916a2a21a156e38701afe55bbd7f88969fbbfc56d7fe099d47f265460
FILE|image-025.jpg|68|1789547512|image/png|431ced6916a2a21a156e38701afe55bbd7f88969fbbfc56d7fe099d47f265460
FILE|image-026.jpg|68|1789547512|image/png|431ced6916a2a21a156e38701afe55bbd7f88969fbbfc56d7fe099d47f265460
FILE|image-027.jpg|68|1789547512|image/png|431ced6916a2a21a156e38701afe55bbd7f88969fbbfc56d7fe099d47f265460
FILE|image-028.jpg|68|1789547512|image/png|431ced6916a2a21a156e38701afe55bbd7f88969fbbfc56d7fe099d47f265460
FILE|image-029.jpg|68|1789547512|image/png|431ced6916a2a21a156e38701afe55bbd7f88969fbbfc56d7fe099d47f265460
FILE|image-030.jpg|68|1789547512|image/png|431ced6916a2a21a156e38701afe55bbd7f88969fbbfc56d7fe099d47f265460
FILE|image-031.jpg|68|1789547512|image/png|431ced6916a2a21a156e38701afe55bbd7f88969fbbfc56d7fe099d47f265460
FILE|image-032.jpg|68|1789547512|image/png|431ced6916a2a21a156e38701afe55bbd7f88969fbbfc56d7fe099d47f265460
FILE|image-033.jpg|68|1789547512|image/png|431ced6916a2a21a156e38701afe55bbd7f88969fbbfc56d7fe099d47f265460
FILE|image-034.jpg|68|1789547512|image/png|431ced6916a2a21a156e38701afe55bbd7f88969fbbfc56d7fe099d47f265460
FILE|image-035.jpg|68|1789547512|image/png|431ced6916a2a21a156e38701afe55bbd7f88969fbbfc56d7fe099d47f265460
FILE|image-036.jpg|68|1789547512|image/png|431ced6916a2a21a156e38701afe55bbd7f88969fbbfc56d7fe099d47f265460
FILE|image-037.jpg|68|1789547512|image/png|431ced6916a2a21a156e38701afe55bbd7f88969fbbfc56d7fe099d47f265460
FILE|image-038.jpg|68|1789547512|image/png|431ced6916a2a21a156e38701afe55bbd7f88969fbbfc56d7fe099d47f265460
FILE|image-039.jpg|68|1789547512|image/png|431ced6916a2a21a156e38701afe55bbd7f88969fbbfc56d7fe099d47f265460
FILE|image-040.jpg|68|1789547512|image/png|431ced6916a2a21a156e38701afe55bbd7f88969fbbfc56d7fe099d47f265460
FILE|image-041.jpg|68|1789547512|image/png|431ced6916a2a21a156e38701afe55bbd7f88969fbbfc56d7fe099d47f265460
FILE|image-042.jpg|68|1789547512|image/png|431ced6916a2a21a156e38701afe55bbd7f88969fbbfc56d7fe099d47f265460
FILE|image-043.jpg|68|1789547512|image/png|431ced6916a2a21a156e38701afe55bbd7f88969fbbfc56d7fe099d47f265460
FILE|image-044.jpg|68|1789547512|image/png|431ced6916a2a21a156e38701afe55bbd7f88969fbbfc56d7fe099d47f265460
FILE|image-045.jpg|68|1789547512|image/png|431ced6916a2a21a156e38701afe55bbd7f88969fbbfc56d7fe099d47f265460
FILE|image-046.jpg|68|1789547512|image/png|431ced6916a2a21a156e38701afe55bbd7f88969fbbfc56d7fe099d47f265460
FILE|image-047.jpg|68|1789547512|image/png|431ced6916a2a21a156e38701afe55bbd7f88969fbbfc56d7fe099d47f265460
FILE|image-048.jpg|68|1789547512|image/png|431ced6916a2a21a156e38701afe55bbd7f88969fbbfc56d7fe099d47f265460
FILE|image-049.jpg|68|1789547512|image/png|431ced6916a2a21a156e38701afe55bbd7f88969fbbfc56d7fe099d47f265460
FILE|image-050.jpg|68|1789547512|image/png|431ced6916a2a21a156e38701afe55bbd7f88969fbbfc56d7fe099d47f265460
FILE|image-051.jpg|68|1789547512|image/png|431ced6916a2a21a156e38701afe55bbd7f88969fbbfc56d7fe099d47f265460
FILE|image-052.jpg|68|1789547512|image/png|431ced6916a2a21a156e38701afe55bbd7f88969fbbfc56d7fe099d47f265460
FILE|image-053.jpg|68|1789547512|image/png|431ced6916a2a21a156e38701afe55bbd7f88969fbbfc56d7fe099d47f265460
FILE|image-054.jpg|68|1789547512|image/png|431ced6916a2a21a156e38701afe55bbd7f88969fbbfc56d7fe099d47f265460
FILE|image-055.jpg|68|1789547512|image/png|431ced6916a2a21a156e38701afe55bbd7f88969fbbfc56d7fe099d47f265460
FILE|image-056.jpg|68|1789547512|image/png|431ced6916a2a21a156e38701afe55bbd7f88969fbbfc56d7fe099d47f265460
FILE|image-057.jpg|68|1789547512|image/png|431ced6916a2a21a156e38701afe55bbd7f88969fbbfc56d7fe099d47f265460
---END_SAMPLE=3---
STABLE_INVENTORY=PASS
STATE_DESTINATION_REGISTRY=PASS
FILESYSTEM_VERIFICATION=PASS
STATE_MUTATION=NONE
GUI_INPUT=NONE
