{"event":"ready","pid":54410,"startTimeUnix":1790307915.375742}
{"active":false,"id":"c1","ok":true}
{"id":"c2","ok":true}
{"active":true,"albumTitle":"旻謙允禎成長日記","contentOriginLocalTopLeft":{"x":160,"y":27},"countText":"57張照片","hasShadow":true,"id":"c3","keyWindowIsMain":true,"mainFrameTopLeft":{"h":600,"w":800,"x":160,"y":140},"mainHits":0,"mainVisible":true,"mainWindowNumber":4999,"menuRowRectsLocalTopLeft":[{"h":40,"w":320,"x":40,"y":200},{"h":40,"w":320,"x":40,"y":240},{"h":40,"w":320,"x":40,"y":280},{"h":40,"w":320,"x":40,"y":320},{"h":40,"w":320,"x":40,"y":360}],"menuRows":["選擇項目","修改相簿名稱","儲存全部","刪除相簿","分享相簿"],"ok":true,"panelVisible":false,"pid":54410,"popupContentOriginLocalTopLeft":{"x":0,"y":0},"popupHits":0,"popupRowRectLocalTopLeft":{"h":44,"w":224,"x":8,"y":8},"popupVisible":false,"popupWindowNumber":5000,"screenHeight":745,"startTimeUnix":1790307915.375742,"windows":[{"frameTopLeft":{"h":600,"w":800,"x":160,"y":140},"number":4999,"title":"rev28 harness main","visible":true},{"frameTopLeft":{"h":60,"w":240,"x":0,"y":685},"number":5000,"title":"","visible":false}]}
{"active":true,"albumTitle":"旻謙允禎成長日記","contentOriginLocalTopLeft":{"x":160,"y":27},"countText":"57張照片","hasShadow":true,"id":"c4","keyWindowIsMain":true,"mainFrameTopLeft":{"h":600,"w":800,"x":160,"y":140},"mainHits":0,"mainVisible":true,"mainWindowNumber":4999,"menuRowRectsLocalTopLeft":[{"h":40,"w":320,"x":40,"y":200},{"h":40,"w":320,"x":40,"y":240},{"h":40,"w":320,"x":40,"y":280},{"h":40,"w":320,"x":40,"y":320},{"h":40,"w":320,"x":40,"y":360}],"menuRows":["選擇項目","修改相簿名稱","儲存全部","刪除相簿","分享相簿"],"ok":true,"panelVisible":false,"pid":54410,"popupContentOriginLocalTopLeft":{"x":0,"y":0},"popupHits":0,"popupRowRectLocalTopLeft":{"h":44,"w":224,"x":8,"y":8},"popupVisible":false,"popupWindowNumber":5000,"screenHeight":745,"startTimeUnix":1790307915.375742,"windows":[{"frameTopLeft":{"h":600,"w":800,"x":160,"y":140},"number":4999,"title":"rev28 harness main","visible":true},{"frameTopLeft":{"h":60,"w":240,"x":0,"y":685},"number":5000,"title":"","visible":false}]}
{"id":"c5","ok":true}
{"at":1790307916.8545661,"event":"panelWillShow"}
{"appActive":true,"at":1790307916.87537,"event":"panelShown","keyWindow":true,"windowNumber":5001}
{"at":1790307916.8855538,"event":"panelClosed","response":0}
{"id":"c6","ok":true}
{"id":"c7","ok":true}
{"at":1790307917.257431,"event":"panelWillShow"}
{"appActive":true,"at":1790307917.281774,"event":"panelShown","keyWindow":true,"windowNumber":5005}
{"at":1790307917.2835369,"event":"panelClosed","response":0}
{"id":"c8","ok":true}
{"id":"c9","ok":true}
{"at":1790307917.5929251,"event":"panelWillShow"}
{"appActive":true,"at":1790307917.6327009,"event":"panelShown","keyWindow":true,"windowNumber":5007}
{"at":1790307917.6518569,"event":"panelClosed","response":0}
{"id":"c10","ok":true}
{"id":"c11","ok":true}
{"at":1790307917.9558492,"event":"panelWillShow"}
{"appActive":true,"at":1790307917.9787889,"event":"panelShown","keyWindow":true,"windowNumber":5009}
{"at":1790307917.9964461,"event":"panelClosed","response":0}
{"id":"c12","ok":true}
{"id":"c13","ok":true}
{"at":1790307918.2952509,"event":"panelWillShow"}
{"appActive":true,"at":1790307918.3178501,"event":"panelShown","keyWindow":true,"windowNumber":5011}
{"at":1790307918.3310661,"event":"panelClosed","response":0}
{"id":"c14","ok":true}
{"id":"c15","ok":true}
{"at":1790307918.615679,"event":"panelWillShow"}
{"appActive":true,"at":1790307918.653496,"event":"panelShown","keyWindow":true,"windowNumber":5013}
{"at":1790307918.6557641,"event":"panelClosed","response":0}
{"id":"c16","ok":true}
{"id":"c17","ok":true}
{"at":1790307918.976774,"event":"panelWillShow"}
{"appActive":true,"at":1790307919.000392,"event":"panelShown","keyWindow":true,"windowNumber":5015}
{"at":1790307919.015173,"event":"panelClosed","response":0}
{"id":"c18","ok":true}
{"id":"c19","ok":true}
{"at":1790307919.2923069,"event":"panelWillShow"}
{"appActive":true,"at":1790307919.332669,"event":"panelShown","keyWindow":true,"windowNumber":5017}
{"at":1790307919.34409,"event":"panelClosed","response":0}
{"id":"c20","ok":true}
{"id":"c21","ok":true}
{"at":1790307919.645402,"event":"panelWillShow"}
{"appActive":true,"at":1790307919.6721711,"event":"panelShown","keyWindow":true,"windowNumber":5019}
{"at":1790307919.681741,"event":"panelClosed","response":0}
{"id":"c22","ok":true}
{"id":"c23","ok":true}
{"at":1790307919.981823,"event":"panelWillShow"}
{"appActive":true,"at":1790307920.0093908,"event":"panelShown","keyWindow":true,"windowNumber":5021}
{"at":1790307920.0151529,"event":"panelClosed","response":0}
{"id":"c24","ok":true}
{"id":"c25","ok":true}
{"at":1790307920.317205,"event":"panelWillShow"}
{"appActive":true,"at":1790307920.3572931,"event":"panelShown","keyWindow":true,"windowNumber":5023}
{"at":1790307920.3819199,"event":"panelClosed","response":0}
{"id":"c26","ok":true}
{"id":"c27","ok":true}
{"at":1790307920.6680789,"event":"panelWillShow"}
{"appActive":true,"at":1790307920.703778,"event":"panelShown","keyWindow":true,"windowNumber":5025}
{"at":1790307920.70682,"event":"panelClosed","response":0}
{"id":"c28","ok":true}
{"id":"c29","ok":true}
{"at":1790307921.0233889,"event":"panelWillShow"}
{"appActive":true,"at":1790307921.046802,"event":"panelShown","keyWindow":true,"windowNumber":5027}
{"at":1790307921.048661,"event":"panelClosed","response":0}
{"id":"c30","ok":true}
{"id":"c31","ok":true}
{"at":1790307921.351671,"event":"panelWillShow"}
{"appActive":true,"at":1790307921.386342,"event":"panelShown","keyWindow":true,"windowNumber":5029}
{"at":1790307921.3898292,"event":"panelClosed","response":0}
{"id":"c32","ok":true}
{"id":"c33","ok":true}
{"at":1790307921.6932249,"event":"panelWillShow"}
{"appActive":true,"at":1790307921.731111,"event":"panelShown","keyWindow":true,"windowNumber":5031}
{"at":1790307921.756109,"event":"panelClosed","response":0}
{"id":"c34","ok":true}
{"id":"c35","ok":true}
{"at":1790307922.044929,"event":"panelWillShow"}
{"appActive":true,"at":1790307922.084286,"event":"panelShown","keyWindow":true,"windowNumber":5033}
{"at":1790307922.105881,"event":"panelClosed","response":0}
{"id":"c36","ok":true}
{"id":"c37","ok":true}
{"at":1790307922.405617,"event":"panelWillShow"}
{"appActive":true,"at":1790307922.4289021,"event":"panelShown","keyWindow":true,"windowNumber":5035}
{"at":1790307922.430928,"event":"panelClosed","response":0}
{"id":"c38","ok":true}
{"id":"c39","ok":true}
{"at":1790307922.7497959,"event":"panelWillShow"}
{"appActive":true,"at":1790307922.775244,"event":"panelShown","keyWindow":true,"windowNumber":5037}
{"at":1790307922.7984638,"event":"panelClosed","response":0}
{"id":"c40","ok":true}
{"id":"c41","ok":true}
{"at":1790307923.0983281,"event":"panelWillShow"}
{"appActive":true,"at":1790307923.1250679,"event":"panelShown","keyWindow":true,"windowNumber":5039}
{"at":1790307923.125442,"event":"panelClosed","response":0}
{"id":"c42","ok":true}
{"id":"c43","ok":true}
{"at":1790307923.4013882,"event":"panelWillShow"}
{"appActive":true,"at":1790307923.6767721,"event":"panelShown","keyWindow":true,"windowNumber":5041}
{"at":1790307923.6901679,"event":"panelClosed","response":0}
{"id":"c44","ok":true}
{"id":"c45","ok":true}
{"at":1790307924.9352531,"event":"panelWillShow"}
{"appActive":true,"at":1790307924.945708,"event":"panelShown","keyWindow":true,"windowNumber":5043}
{"at":1790307924.9507241,"event":"panelClosed","response":0}
{"id":"c46","ok":true}
{"id":"c47","ok":true}
{"at":1790307925.6493979,"event":"panelWillShow"}
{"appActive":true,"at":1790307925.6817679,"event":"panelShown","keyWindow":true,"windowNumber":5050}
{"at":1790307930.458127,"event":"panelClosed","response":0}
{"id":"c48","ok":true}
{"id":"c49","ok":true}
{"at":1790307934.1971889,"event":"panelWillShow"}
{"appActive":false,"at":1790307934.2090149,"event":"panelShown","keyWindow":false,"windowNumber":5072}
{"at":1790307934.3103609,"event":"panelClosed","response":0}
{"id":"c50","ok":true}
