{"event":"ready","pid":46316,"startTimeUnix":1790307021.8165488}
{"active":true,"id":"c1","ok":true}
{"id":"c2","ok":true}
{"active":true,"albumTitle":"旻謙允禎成長日記","contentOriginLocalTopLeft":{"x":160,"y":27},"countText":"57張照片","hasShadow":true,"id":"c3","keyWindowIsMain":true,"mainFrameTopLeft":{"h":600,"w":800,"x":160,"y":140},"mainHits":0,"mainVisible":true,"mainWindowNumber":4656,"menuRowRectsLocalTopLeft":[{"h":40,"w":320,"x":40,"y":200},{"h":40,"w":320,"x":40,"y":240},{"h":40,"w":320,"x":40,"y":280},{"h":40,"w":320,"x":40,"y":320},{"h":40,"w":320,"x":40,"y":360}],"menuRows":["選擇項目","修改相簿名稱","儲存全部","刪除相簿","分享相簿"],"ok":true,"panelVisible":false,"pid":46316,"popupContentOriginLocalTopLeft":{"x":0,"y":0},"popupHits":0,"popupRowRectLocalTopLeft":{"h":44,"w":224,"x":8,"y":8},"popupVisible":false,"popupWindowNumber":4657,"screenHeight":745,"startTimeUnix":1790307021.8165488,"windows":[{"frameTopLeft":{"h":600,"w":800,"x":160,"y":140},"number":4656,"title":"rev28 harness main","visible":true},{"frameTopLeft":{"h":60,"w":240,"x":0,"y":685},"number":4657,"title":"","visible":false}]}
{"id":"c4","ok":true}
{"at":1790307023.1478009,"event":"panelWillShow"}
{"appActive":true,"at":1790307023.180042,"event":"panelShown","keyWindow":true,"windowNumber":4658}
{"at":1790307023.185437,"event":"panelClosed","response":0}
{"id":"c5","ok":true}
{"id":"c6","ok":true}
{"at":1790307023.5197001,"event":"panelWillShow"}
{"appActive":true,"at":1790307023.545639,"event":"panelShown","keyWindow":true,"windowNumber":4662}
{"at":1790307023.5517921,"event":"panelClosed","response":0}
{"id":"c7","ok":true}
{"id":"c8","ok":true}
{"at":1790307023.867408,"event":"panelWillShow"}
{"appActive":true,"at":1790307023.888562,"event":"panelShown","keyWindow":true,"windowNumber":4664}
{"at":1790307023.8933768,"event":"panelClosed","response":0}
{"id":"c9","ok":true}
{"id":"c10","ok":true}
{"at":1790307024.1833038,"event":"panelWillShow"}
{"appActive":true,"at":1790307024.219969,"event":"panelShown","keyWindow":true,"windowNumber":4666}
{"at":1790307024.2393579,"event":"panelClosed","response":0}
{"id":"c11","ok":true}
{"id":"c12","ok":true}
{"at":1790307024.533411,"event":"panelWillShow"}
{"appActive":true,"at":1790307024.5546069,"event":"panelShown","keyWindow":true,"windowNumber":4668}
{"at":1790307024.568171,"event":"panelClosed","response":0}
{"id":"c13","ok":true}
{"id":"c14","ok":true}
{"at":1790307024.8537769,"event":"panelWillShow"}
{"appActive":true,"at":1790307024.8807921,"event":"panelShown","keyWindow":true,"windowNumber":4670}
{"at":1790307024.8823619,"event":"panelClosed","response":0}
{"id":"c15","ok":true}
{"id":"c16","ok":true}
{"at":1790307025.1742611,"event":"panelWillShow"}
{"appActive":true,"at":1790307025.2108541,"event":"panelShown","keyWindow":true,"windowNumber":4672}
{"at":1790307025.2264528,"event":"panelClosed","response":0}
{"id":"c17","ok":true}
{"id":"c18","ok":true}
{"at":1790307025.523895,"event":"panelWillShow"}
{"appActive":true,"at":1790307025.5451899,"event":"panelShown","keyWindow":true,"windowNumber":4674}
{"at":1790307025.558573,"event":"panelClosed","response":0}
{"id":"c19","ok":true}
{"id":"c20","ok":true}
{"at":1790307025.8493319,"event":"panelWillShow"}
{"appActive":true,"at":1790307025.8729401,"event":"panelShown","keyWindow":true,"windowNumber":4676}
{"at":1790307025.877265,"event":"panelClosed","response":0}
{"id":"c21","ok":true}
{"id":"c22","ok":true}
{"at":1790307026.1914859,"event":"panelWillShow"}
{"appActive":true,"at":1790307026.2160201,"event":"panelShown","keyWindow":true,"windowNumber":4678}
{"at":1790307026.2264991,"event":"panelClosed","response":0}
{"id":"c23","ok":true}
{"id":"c24","ok":true}
{"at":1790307026.525806,"event":"panelWillShow"}
{"appActive":true,"at":1790307026.5477061,"event":"panelShown","keyWindow":true,"windowNumber":4680}
{"at":1790307026.5686431,"event":"panelClosed","response":0}
{"id":"c25","ok":true}
{"id":"c26","ok":true}
{"at":1790307026.8530769,"event":"panelWillShow"}
{"appActive":true,"at":1790307026.8782449,"event":"panelShown","keyWindow":true,"windowNumber":4682}
{"at":1790307026.8801022,"event":"panelClosed","response":0}
{"id":"c27","ok":true}
{"id":"c28","ok":true}
{"at":1790307027.1949039,"event":"panelWillShow"}
{"appActive":true,"at":1790307027.2162809,"event":"panelShown","keyWindow":true,"windowNumber":4684}
{"at":1790307027.227005,"event":"panelClosed","response":0}
{"id":"c29","ok":true}
{"id":"c30","ok":true}
{"at":1790307027.5248489,"event":"panelWillShow"}
{"appActive":true,"at":1790307027.545496,"event":"panelShown","keyWindow":true,"windowNumber":4686}
{"at":1790307027.5584822,"event":"panelClosed","response":0}
{"id":"c31","ok":true}
{"id":"c32","ok":true}
{"at":1790307027.8497241,"event":"panelWillShow"}
{"appActive":true,"at":1790307027.871012,"event":"panelShown","keyWindow":true,"windowNumber":4688}
{"at":1790307027.889503,"event":"panelClosed","response":0}
{"id":"c33","ok":true}
{"id":"c34","ok":true}
{"at":1790307028.1756148,"event":"panelWillShow"}
{"appActive":true,"at":1790307028.199682,"event":"panelShown","keyWindow":true,"windowNumber":4690}
{"at":1790307028.2098401,"event":"panelClosed","response":0}
{"id":"c35","ok":true}
{"id":"c36","ok":true}
{"at":1790307028.4961929,"event":"panelWillShow"}
{"appActive":true,"at":1790307028.516937,"event":"panelShown","keyWindow":true,"windowNumber":4692}
{"at":1790307028.5302401,"event":"panelClosed","response":0}
{"id":"c37","ok":true}
{"id":"c38","ok":true}
{"at":1790307028.808687,"event":"panelWillShow"}
{"appActive":true,"at":1790307028.8363841,"event":"panelShown","keyWindow":true,"windowNumber":4694}
{"at":1790307028.85934,"event":"panelClosed","response":0}
{"id":"c39","ok":true}
{"id":"c40","ok":true}
{"at":1790307029.149786,"event":"panelWillShow"}
{"appActive":true,"at":1790307029.1700859,"event":"panelShown","keyWindow":true,"windowNumber":4696}
{"at":1790307029.1802049,"event":"panelClosed","response":0}
{"id":"c41","ok":true}
{"id":"c42","ok":true}
{"at":1790307029.467752,"event":"panelWillShow"}
{"appActive":true,"at":1790307029.4913011,"event":"panelShown","keyWindow":true,"windowNumber":4698}
{"at":1790307029.4968281,"event":"panelClosed","response":0}
{"id":"c43","ok":true}
{"id":"c44","ok":true}
{"at":1790307030.7430658,"event":"panelWillShow"}
{"appActive":true,"at":1790307030.7611289,"event":"panelShown","keyWindow":true,"windowNumber":4700}
{"at":1790307030.7717361,"event":"panelClosed","response":0}
{"id":"c45","ok":true}
