{"event":"ready","pid":48723,"startTimeUnix":1790307269.483263}
{"active":true,"id":"c1","ok":true}
{"id":"c2","ok":true}
{"active":true,"albumTitle":"旻謙允禎成長日記","contentOriginLocalTopLeft":{"x":160,"y":27},"countText":"57張照片","hasShadow":true,"id":"c3","keyWindowIsMain":true,"mainFrameTopLeft":{"h":600,"w":800,"x":160,"y":140},"mainHits":0,"mainVisible":true,"mainWindowNumber":4705,"menuRowRectsLocalTopLeft":[{"h":40,"w":320,"x":40,"y":200},{"h":40,"w":320,"x":40,"y":240},{"h":40,"w":320,"x":40,"y":280},{"h":40,"w":320,"x":40,"y":320},{"h":40,"w":320,"x":40,"y":360}],"menuRows":["選擇項目","修改相簿名稱","儲存全部","刪除相簿","分享相簿"],"ok":true,"panelVisible":false,"pid":48723,"popupContentOriginLocalTopLeft":{"x":0,"y":0},"popupHits":0,"popupRowRectLocalTopLeft":{"h":44,"w":224,"x":8,"y":8},"popupVisible":false,"popupWindowNumber":4706,"screenHeight":745,"startTimeUnix":1790307269.483263,"windows":[{"frameTopLeft":{"h":600,"w":800,"x":160,"y":140},"number":4705,"title":"rev28 harness main","visible":true},{"frameTopLeft":{"h":60,"w":240,"x":0,"y":685},"number":4706,"title":"","visible":false}]}
{"id":"c4","ok":true}
{"at":1790307271.7336559,"event":"panelWillShow"}
{"appActive":true,"at":1790307271.775563,"event":"panelShown","keyWindow":true,"windowNumber":4707}
{"at":1790307271.7801042,"event":"panelClosed","response":0}
{"id":"c5","ok":true}
{"id":"c6","ok":true}
{"at":1790307272.2238569,"event":"panelWillShow"}
{"appActive":true,"at":1790307272.2752171,"event":"panelShown","keyWindow":true,"windowNumber":4711}
{"at":1790307272.2922912,"event":"panelClosed","response":0}
{"id":"c7","ok":true}
{"id":"c8","ok":true}
{"at":1790307272.62907,"event":"panelWillShow"}
{"appActive":true,"at":1790307272.6544571,"event":"panelShown","keyWindow":true,"windowNumber":4714}
{"at":1790307272.6647849,"event":"panelClosed","response":0}
{"id":"c9","ok":true}
{"id":"c10","ok":true}
{"at":1790307272.9753242,"event":"panelWillShow"}
{"appActive":true,"at":1790307273.0013421,"event":"panelShown","keyWindow":true,"windowNumber":4716}
{"at":1790307273.0157809,"event":"panelClosed","response":0}
{"id":"c11","ok":true}
{"id":"c12","ok":true}
{"at":1790307273.308346,"event":"panelWillShow"}
{"appActive":true,"at":1790307273.346348,"event":"panelShown","keyWindow":true,"windowNumber":4718}
{"at":1790307273.349638,"event":"panelClosed","response":0}
{"id":"c13","ok":true}
{"id":"c14","ok":true}
{"at":1790307273.6506939,"event":"panelWillShow"}
{"appActive":true,"at":1790307273.6976562,"event":"panelShown","keyWindow":true,"windowNumber":4720}
{"at":1790307273.721355,"event":"panelClosed","response":0}
{"id":"c15","ok":true}
{"id":"c16","ok":true}
{"at":1790307274.036751,"event":"panelWillShow"}
{"appActive":true,"at":1790307274.0626578,"event":"panelShown","keyWindow":true,"windowNumber":4722}
{"at":1790307274.0748482,"event":"panelClosed","response":0}
{"id":"c17","ok":true}
{"id":"c18","ok":true}
{"at":1790307274.375814,"event":"panelWillShow"}
{"appActive":true,"at":1790307274.3973031,"event":"panelShown","keyWindow":true,"windowNumber":4724}
{"at":1790307274.42079,"event":"panelClosed","response":0}
{"id":"c19","ok":true}
{"id":"c20","ok":true}
{"at":1790307274.7081351,"event":"panelWillShow"}
{"appActive":true,"at":1790307274.7334561,"event":"panelShown","keyWindow":true,"windowNumber":4726}
{"at":1790307274.7407289,"event":"panelClosed","response":0}
{"id":"c21","ok":true}
{"id":"c22","ok":true}
{"at":1790307275.0414081,"event":"panelWillShow"}
{"appActive":true,"at":1790307275.063992,"event":"panelShown","keyWindow":true,"windowNumber":4728}
{"at":1790307275.075619,"event":"panelClosed","response":0}
{"id":"c23","ok":true}
{"id":"c24","ok":true}
{"at":1790307275.3895679,"event":"panelWillShow"}
{"appActive":true,"at":1790307275.412396,"event":"panelShown","keyWindow":true,"windowNumber":4730}
{"at":1790307275.4317231,"event":"panelClosed","response":0}
{"id":"c25","ok":true}
{"id":"c26","ok":true}
{"at":1790307275.749186,"event":"panelWillShow"}
{"appActive":true,"at":1790307275.7721739,"event":"panelShown","keyWindow":true,"windowNumber":4732}
{"at":1790307275.7783442,"event":"panelClosed","response":0}
{"id":"c27","ok":true}
{"id":"c28","ok":true}
{"at":1790307276.115803,"event":"panelWillShow"}
{"appActive":true,"at":1790307276.1417398,"event":"panelShown","keyWindow":true,"windowNumber":4734}
{"at":1790307276.153326,"event":"panelClosed","response":0}
{"id":"c29","ok":true}
{"id":"c30","ok":true}
{"at":1790307276.4516659,"event":"panelWillShow"}
{"appActive":true,"at":1790307276.476881,"event":"panelShown","keyWindow":true,"windowNumber":4737}
{"at":1790307276.4933372,"event":"panelClosed","response":0}
{"id":"c31","ok":true}
{"id":"c32","ok":true}
{"at":1790307276.7758451,"event":"panelWillShow"}
{"appActive":true,"at":1790307276.815515,"event":"panelShown","keyWindow":true,"windowNumber":4739}
{"at":1790307276.8449249,"event":"panelClosed","response":0}
{"id":"c33","ok":true}
{"id":"c34","ok":true}
{"at":1790307277.1540179,"event":"panelWillShow"}
{"appActive":true,"at":1790307277.1766939,"event":"panelShown","keyWindow":true,"windowNumber":4741}
{"at":1790307277.1846662,"event":"panelClosed","response":0}
{"id":"c35","ok":true}
{"id":"c36","ok":true}
{"at":1790307277.508491,"event":"panelWillShow"}
{"appActive":true,"at":1790307277.5311561,"event":"panelShown","keyWindow":true,"windowNumber":4743}
{"at":1790307277.5341392,"event":"panelClosed","response":0}
{"id":"c37","ok":true}
{"id":"c38","ok":true}
{"at":1790307277.8516321,"event":"panelWillShow"}
{"appActive":true,"at":1790307277.8736749,"event":"panelShown","keyWindow":true,"windowNumber":4745}
{"at":1790307277.8893061,"event":"panelClosed","response":0}
{"id":"c39","ok":true}
{"id":"c40","ok":true}
{"at":1790307278.1978269,"event":"panelWillShow"}
{"appActive":true,"at":1790307278.2241092,"event":"panelShown","keyWindow":true,"windowNumber":4747}
{"at":1790307278.2316132,"event":"panelClosed","response":0}
{"id":"c41","ok":true}
{"id":"c42","ok":true}
{"at":1790307278.540663,"event":"panelWillShow"}
{"appActive":true,"at":1790307278.565764,"event":"panelShown","keyWindow":true,"windowNumber":4749}
{"at":1790307278.5737691,"event":"panelClosed","response":0}
{"id":"c43","ok":true}
{"id":"c44","ok":true}
{"at":1790307279.8342562,"event":"panelWillShow"}
{"appActive":true,"at":1790307279.842392,"event":"panelShown","keyWindow":true,"windowNumber":4751}
{"at":1790307279.8546262,"event":"panelClosed","response":0}
{"id":"c45","ok":true}
