{
  "canonical_entry_count": 57,
  "canonical_total_bytes": 17924900,
  "destination": "/Users/hsiaojohnny/Downloads/LINE-Backup-PoC/album-2024-05-13_to_2024-05-17_57",
  "expected_images": 57,
  "filesystem_pass": true,
  "samples": [
    {
      "errors": [],
      "expected_images": 57,
      "other_entries": 0,
      "partial_temp_files": 0,
      "recognized_images": 57,
      "regular_files": 57,
      "sample": 1,
      "subdirectories": 0,
      "symlinks": 0,
      "total_bytes": 17924900,
      "unrecognized_regular_files": 0,
      "zero_byte_files": 0
    },
    {
      "errors": [],
      "expected_images": 57,
      "other_entries": 0,
      "partial_temp_files": 0,
      "recognized_images": 57,
      "regular_files": 57,
      "sample": 2,
      "subdirectories": 0,
      "symlinks": 0,
      "total_bytes": 17924900,
      "unrecognized_regular_files": 0,
      "zero_byte_files": 0
    },
    {
      "errors": [],
      "expected_images": 57,
      "other_entries": 0,
      "partial_temp_files": 0,
      "recognized_images": 57,
      "regular_files": 57,
      "sample": 3,
      "subdirectories": 0,
      "symlinks": 0,
      "total_bytes": 17924900,
      "unrecognized_regular_files": 0,
      "zero_byte_files": 0
    }
  ],
  "stable_inventory": true
}
